{
  "committer": {
    "login": "unknwon",
    "email": "u@gogs.io"
  },
  "link": "https://try.gogs.io/api/v1/repos/gogs/gogs/commits/2c3e2b701e012294d457937e6bfbffd63dd8ae4f",
  "sha": "2c3e2b701e012294d457937e6bfbffd63dd8ae4f"
}
