[
    {
        "Name": "master",
        "Sha": "a6e5e7d797edf751cbd839d6bd4aef86c941eec9"
    }
]