{
    "Login": "octocat",
    "Name": "monalisa octocat",
    "Email": "octocat@github.com",
    "Avatar": "https://github.com/images/error/octocat_happy.gif"
}